      Time |   Peak Mem | File Name                           
--------------------------------------------------------------
115m45.36s | 7731356 ko | Total Time / Peak Mem               
--------------------------------------------------------------
 42m43.31s | 7731356 ko | out/Benchmark/SoftwareFoundations.vo
 42m03.82s | 2754244 ko | out/Benchmark/Overview.vo           
 18m14.62s | 2114260 ko | out/Benchmark/PeanoNats.vo          
  4m01.48s |  789704 ko | out/Benchmark/GradeExample.vo       
  3m15.50s |  865512 ko | out/Benchmark/PLE/Compose.vo        
  1m26.05s |  572476 ko | out/Benchmark/PLE/MonadMaybe.vo     
  1m10.59s |  549940 ko | out/Benchmark/PLE/MonadId.vo        
  0m59.15s |  508840 ko | out/Benchmark/PLE/MonoidList.vo     
  0m54.76s |  521692 ko | out/Benchmark/PLE/Lists.vo          
  0m25.83s |  464932 ko | out/Benchmark/PLE/MonoidMaybe.vo    
  0m08.65s |  437648 ko | out/Benchmark/RBinsToBins.vo        
  0m05.28s |  552996 ko | coqDeps/LHCoqTactics.vo             
  0m05.22s |  557112 ko | coqDeps/LiquidPreludeUtil.vo        
  0m05.19s |  547596 ko | coqDeps/GetRelFlattening.vo         
  0m02.34s |  431104 ko | out/Benchmark/Half.vo               
  0m00.73s |  428716 ko | coqDeps/TacticUtils.vo              
  0m00.70s |  427660 ko | coqDeps/QuickTacs.vo                
  0m00.62s |  426108 ko | coqDeps/LiquidPrelude.vo            
  0m00.62s |  424784 ko | coqDeps/SubsumptionTacs.vo          
  0m00.32s |  414180 ko | coqDeps/Equality.vo                 
  0m00.29s |  418100 ko | coqDeps/Snipe.vo                    
  0m00.26s |  363956 ko | coqDeps/BoolTacs.vo                 
  0m00.03s |   71224 ko | coqDeps/PairLists.vo                
